// 重构日志: bf7a66b7
// 重构日志: 7f89a5bc
// 重构日志: 87330483
// 重构日志: 2f080824
// 重构日志: f1a319d7
// 重构日志: acb3c8a1
// 同步 ID: 0ea4a352 @ Wed Jul 15 17:16:14 UTC 2026
// 重构日志: 60061dc5
// 重构日志: 932728a0
// 重构日志: 25fdf584
// 重构日志: 846d89be
// 同步 ID: a0c6fee3 @ Thu Jul 23 08:06:28 UTC 2026
// 同步 ID: 2f6d3422 @ Sat Jul 25 15:46:21 UTC 2026
// 同步 ID: 99485310 @ Sun Jul 26 16:11:19 UTC 2026
// 同步 ID: ccc37155 @ Thu Jul 30 12:28:37 UTC 2026
// 重构日志: 7f1c1c13
// 重构日志: d5c468ed
// 同步 ID: c1842f1e @ Fri Jul 31 08:10:56 UTC 2026
// 重构日志: 8a4104d7
// 重构日志: af60070a
// 重构日志: 48177700
// 重构日志: d659e786
// 同步 ID: 8e8e69a0 @ Wed Aug  5 06:42:31 UTC 2026
// 重构日志: ef90534b
// 同步 ID: e28c0276 @ Wed Aug  5 12:35:01 UTC 2026
// 重构日志: ffaf6119
// 同步 ID: f4ce6b6c @ Thu Aug  6 07:03:17 UTC 2026
// 同步 ID: 27bdbcb0 @ Sat Aug  8 10:33:25 UTC 2026
// 重构日志: 312517f1
// 同步 ID: 419702aa @ Sat Aug  8 13:18:06 UTC 2026
// 重构日志: e2b05b11
